(null)

            


number of aqueous primary species                        27
number of aqueous secondary species                      84
number of minerals                                        4
number of sorbed species                                  0

pH                                          4.63139182008
pe                                            4.07451492215
water activity                               0.976572056527
ionicstrength                                0.282403930365
temperature                                            80.0
electrical_balance                       -2.86229510216e-17
total H                                       111.019945685
total O                                       57.6014876293


 primary species: mol/l

                H(1) 1.0
                  Al 1.22459380986e-08
               C(-4) 0.0
                C(2) 6.02548406883e-23
                C(4) 1.02426631331
                  Ca 0.0561619171166
              Cl(-1) 0.194153259846
               Cl(1) 0.0
               Cl(3) 0.0
               Cl(4) 0.0
               Cl(5) 0.0
               Cl(7) 0.0
               Fe(2) 1.23471284288e-05
               Fe(3) 1.57697488679e-11
                H(0) 5.75078829099e-21
                   K 0.0187231284979
                  Mg 0.0156515191068
                  Na 0.0809648799908
                O(0) 0.0
               S(-2) 0.0
                S(3) 0.0
                S(4) 3.06803678254e-22
                S(5) 0.0
                S(6) 0.00591542510251
                S(7) 0.0
                S(8) 0.0
                  Si 0.000662899954925


 secondary species: mol/l

                 OH- 1.53965592334e-08
            H2O-0.01 2.81173340876e-09
                 H2O 55.5080653219
  AlH3SiO4+2Al(OH)2+ 3.34336007846e-09
            Al(OH)2+ 2.73572651302e-09
              AlSO4+ 8.89654942432e-10
                Al+3 7.66440836198e-10
               AlO2- 3.38316069846e-10
              NaAlO2 5.02342652069e-12
               KAlO2 8.98048399248e-13
               HCO3- 0.0304129109397
           Ca(HCO3)+ 0.00460908576109
           Mg(HCO3)+ 0.00205681617277
              NaHCO3 0.000302416303985
               CaCO3 5.19207404965e-06
              NaCO3- 1.55566481315e-06
               MgCO3 5.81771618729e-07
               CO3-2 3.29259617648e-07
               FeCO3 1.30335098003e-07
              FeCO3+ 1.52470425117e-11
           Ca(HCO3)+ 0.00460908576109
               CaCl+ 0.00255903809844
               CaSO4 0.0022467827875
               CaCl2 5.61345125626e-05
               CaCO3 5.19207404965e-06
               CaOH+ 1.51893828497e-08
                NaCl 0.00280375657073
               CaCl+ 0.00255903809844
               MgCl+ 0.00186992508509
                 KCl 0.000730532661225
               CaCl2 5.61345125626e-05
                 HCl 4.09083415976e-07
                 Cl2 6.69159557775e-33
                ClO- 9.27216186821e-33
                 Cl2 6.69159557775e-33
               HClO2 0.0
               FeCO3 1.30335098003e-07
                Fe+3 5.22706356193e-13
               HFeO2 3.08690442498e-28
                 KCl 0.000730532661225
               KSO4- 0.000108432150487
                 KOH 9.58264478831e-11
               KAlO2 8.98048399248e-13
           Mg(HCO3)+ 0.00205681617277
               MgCl+ 0.00186992508509
               MgSO4 0.00061815059609
               MgCO3 5.81771618729e-07
               MgOH+ 2.54310366161e-08
    Mg4(OH)4+4MgS2O3 2.99065090178e-23
              MgS2O3 0.0
                NaCl 0.00280375657073
              NaSO4- 0.000403254677141
              NaHCO3 0.000302416303985
              NaCO3- 1.55566481315e-06
                NaOH 1.18131946073e-10
              NaAlO2 5.02342652069e-12
             NaS2O3- 0.0
              S2O4-2 0.0
              H2S2O4 0.0
              S4O6-2 0.0
                 HS- 0.0
                S4-2 0.0
                S5-2 0.0
             NaS2O3- 0.0
              MgS2O3 0.0
              H2S2O3 0.0
              S4O6-2 0.0
              S5O6-2 0.0
                S4-2 0.0
                S5-2 0.0
               H2SO3 1.68009917103e-24
               SO3-2 1.43827724279e-24
               CaSO4 0.0022467827875
               MgSO4 0.00061815059609
              NaSO4- 0.000403254677141
               KSO4- 0.000108432150487
               HSO4- 1.04416352741e-05
              AlSO4+ 8.89654942432e-10
              S2O4-2 0.0
              H2S2O4 0.0
              S4O6-2 0.0
AlH3SiO4+2Si3O6(OH)3(SiO2)4(OH)4-4 3.34336007846e-09
Si3O6(OH)3(SiO2)4(OH)4-4 4.55746568972e-24
      (SiO2)4(OH)4-4 2.97656097618e-31


 sorbed species: moles



     SI( target saturation index):        SI < 0 undersaturation, 0: equilibrium and supersaturation otherwise





                 mineral species:            SI                   moles

                     Anhydrite          0.00000000e+00       7.44504817e-01

                       Calcite          0.00000000e+00       9.49290331e+00

                        CO2(g)          1.91900000e+00       8.99617391e+00

                      Dolomite          4.44089210e-16       2.61668043e-01

