(null)

            


number of aqueous primary species                        16
number of aqueous secondary species                      35
number of minerals                                        9
number of sorbed species                                  0

pH                                          4.66972169454
pe                                           -1.10456840714
water activity                               0.974711580213
ionicstrength                                0.309653988422
temperature                                            80.0
electrical_balance                         -0.0056298666635
total H                                       111.006637488
total O                                       57.7596938803


 primary species: mol/l

                H(1) 1.0
                  Al 3.08940381096e-08
               C(-3) 9.90735074438e-06
                C(4) 1.09387233379
                  Ca 0.0462746481967
                  Cl 0.20765660172
               Fe(2) 0.0013119097585
               Fe(3) 3.02464087326e-16
                H(0) 6.15117283483e-11
                   K 0.0301740877748
                  Mg 0.0301680936498
                  Na 0.0865235840501
                O(0) 0.0
               S(-2) 1.41439145799e-09
                S(6) 0.0111909916293
                  Si 0.000535839347264


 secondary species: mol/l

                 OH- 1.73113930821e-08
                 H2O 55.5062166963
               HAlO2 1.02570595341e-08
                Al+3 6.46238820428e-09
               AlO2- 1.85222962868e-09
              NaAlO2 2.99039759517e-11
               HCO3- 0.0361513778467
             CaHCO3+ 0.00633815054204
             MgHCO3+ 0.00346192831977
             FeHCO3+ 0.00107543381473
              NaHCO3 0.000785758377611
               CaCO3 6.62186568027e-06
               MgCO3 1.02859718012e-06
               CO3-2 3.95399592989e-07
               FeCO3 1.58574956581e-07
              NaCO3- 4.74317910163e-09
              FeCO3+ 1.77984636708e-16
             CaHCO3+ 0.00633815054204
               CaSO4 0.00202628428322
               CaCO3 6.62186568027e-06
               MgCl+ 0.00114434561991
                Fe+2 0.000228391724084
               FeSO4 7.92564473249e-06
               FeCO3 1.58574956581e-07
                Fe+3 1.24479450618e-16
               MgSO4 0.00533942541535
             MgHCO3+ 0.00346192831977
               MgCl+ 0.00114434561991
               MgCO3 1.02859718012e-06
              NaHCO3 0.000785758377611
              NaCO3- 4.74317910163e-09
              NaAlO2 2.99039759517e-11
               SO4-2 0.00381735628603
               CaSO4 0.00202628428322
               FeSO4 7.92564473249e-06


 sorbed species: moles



     SI( target saturation index):        SI < 0 undersaturation, 0: equilibrium and supersaturation otherwise





                 mineral species:            SI                   moles

                     Anhydrite          8.88178420e-16       1.35252568e-02

                       Calcite         -4.44089210e-16       2.51697311e-01

                  Dolomite-dis         -9.28698796e-02       0.00000000e+00

                        Illite         -1.38381873e+00       0.00000000e+00

                     Kaolinite         -8.88178420e-16       4.22682672e-02

                    Montmor-Ca         -1.19918032e+00       0.00000000e+00

                        Pyrite         -7.10542736e-15       1.66646319e-02

                        Quartz          0.00000000e+00       1.12834843e-01

                      Siderite          2.22044605e-16       7.33632648e-03

